Marking 12 active position(s) to market...

  XOM/RSPG  long  entry=$154.77  now=$152.65  P&L=+0.01%
  NFLX/RSPC  long  entry=$73.38  now=$73.38  P&L=+0.00%
  BKNG/RSPD  long  entry=$197.32  now=$197.32  P&L=+0.00%
  WMT/RSPS  long  entry=$113.54  now=$113.54  P&L=+0.00%
  DVN/RSPG  long  entry=$42.61  now=$42.61  P&L=+0.00%
  V/RSPF  long  entry=$368.79  now=$368.79  P&L=+0.00%
Marking 6 active position(s) to market...

  XOM/RSPG  long  entry=$154.77  now=$152.65  P&L=+0.01%
  NFLX/RSPC  long  entry=$73.38  now=$73.38  P&L=+0.00%
  BKNG/RSPD  long  entry=$197.32  now=$197.32  P&L=+0.00%
  WMT/RSPS  long  entry=$113.54  now=$113.54  P&L=+0.00%
  DVN/RSPG  long  entry=$42.61  now=$42.61  P&L=+0.00%
  V/RSPF  long  entry=$368.79  now=$368.79  P&L=+0.00%

  NAV: $10,000,050 (+0.00%)
  Cash: 58.0%
  Marked at: 2026-07-29T16:12:11.980915
Marking 6 active position(s) to market...

  XOM/RSPG  long  entry=$154.77  now=$152.65  P&L=+0.01%
  NFLX/RSPC  long  entry=$73.38  now=$73.38  P&L=+0.00%
  BKNG/RSPD  long  entry=$197.32  now=$197.32  P&L=+0.00%
  WMT/RSPS  long  entry=$113.54  now=$113.54  P&L=+0.00%
  DVN/RSPG  long  entry=$42.61  now=$42.61  P&L=+0.00%
  V/RSPF  long  entry=$368.79  now=$368.79  P&L=+0.00%

  NAV: $10,000,050 (+0.00%)
  Cash: 58.0%
  Marked at: 2026-07-30T16:05:06.064541
Marking 6 active position(s) to market...

  XOM/RSPG  long  entry=$154.77  now=$152.65  P&L=-1.00%
  NFLX/RSPC  long  entry=$73.38  now=$73.38  P&L=+0.92%
  BKNG/RSPD  long  entry=$197.32  now=$197.32  P&L=+0.24%
  WMT/RSPS  long  entry=$113.54  now=$113.54  P&L=+0.84%
  DVN/RSPG  long  entry=$42.61  now=$42.61  P&L=-1.02%
  V/RSPF  long  entry=$368.79  now=$368.79  P&L=+0.59%

  NAV: $10,001,533 (+0.02%)
  Cash: 58.0%
  Marked at: 2026-07-31T16:14:39.356805
Marking 6 active position(s) to market...

  XOM/RSPG  long  entry=$154.77  now=$152.65  P&L=-1.73%
  NFLX/RSPC  long  entry=$73.38  now=$73.38  P&L=+0.86%
  BKNG/RSPD  long  entry=$197.32  now=$197.32  P&L=+0.47%
  WMT/RSPS  long  entry=$113.54  now=$113.54  P&L=+1.16%
  DVN/RSPG  long  entry=$42.61  now=$42.61  P&L=-1.76%
  V/RSPF  long  entry=$368.79  now=$368.79  P&L=+0.73%

  NAV: $9,998,680 (-0.01%)
  Cash: 58.0%
  Marked at: 2026-08-03T16:08:04.134640
Marking 6 active position(s) to market...

  XOM/RSPG  long  entry=$154.77  now=$152.65  P&L=-1.02%
  NFLX/RSPC  long  entry=$73.38  now=$73.38  P&L=+0.04%
  BKNG/RSPD  long  entry=$197.32  now=$197.32  P&L=-0.05%
  WMT/RSPS  long  entry=$113.54  now=$113.54  P&L=+1.17%
  DVN/RSPG  long  entry=$42.61  now=$42.61  P&L=-1.05%
  V/RSPF  long  entry=$368.79  now=$368.79  P&L=+0.30%

  NAV: $9,997,375 (-0.03%)
  Cash: 58.0%
  Marked at: 2026-08-04T16:08:23.994405
Marking 6 active position(s) to market...

  XOM/RSPG  long  entry=$154.77  now=$152.65  P&L=-0.80%
  NFLX/RSPC  long  entry=$73.38  now=$73.38  P&L=-0.53%
  BKNG/RSPD  long  entry=$197.32  now=$197.32  P&L=-0.21%
  WMT/RSPS  long  entry=$113.54  now=$113.54  P&L=+0.76%
  DVN/RSPG  long  entry=$42.61  now=$42.61  P&L=-0.83%
  V/RSPF  long  entry=$368.79  now=$368.79  P&L=-0.14%

  NAV: $9,993,594 (-0.06%)
  Cash: 58.0%
  Marked at: 2026-08-05T16:05:43.473175
Marking 6 active position(s) to market...

  XOM/RSPG  long  entry=$154.77  now=$152.65  P&L=+0.34%
  NFLX/RSPC  long  entry=$73.38  now=$73.38  P&L=-0.01%
  BKNG/RSPD  long  entry=$197.32  now=$197.32  P&L=-0.73%
  WMT/RSPS  long  entry=$113.54  now=$113.54  P&L=+0.85%
  DVN/RSPG  long  entry=$42.61  now=$42.61  P&L=+0.33%
  V/RSPF  long  entry=$368.79  now=$368.79  P&L=-0.15%

  NAV: $10,001,350 (+0.01%)
  Cash: 58.0%
  Marked at: 2026-08-06T16:14:14.236656
Marking 6 active position(s) to market...

  XOM/RSPG  long  entry=$154.77  now=$152.65  P&L=-0.30%
  NFLX/RSPC  long  entry=$73.38  now=$73.38  P&L=-0.48%
  BKNG/RSPD  long  entry=$197.32  now=$197.32  P&L=-0.35%
  WMT/RSPS  long  entry=$113.54  now=$113.54  P&L=+1.00%
  DVN/RSPG  long  entry=$42.61  now=$42.61  P&L=-0.32%
  V/RSPF  long  entry=$368.79  now=$368.79  P&L=+0.06%

  NAV: $9,998,230 (-0.02%)
  Cash: 58.0%
  Marked at: 2026-08-07T16:05:14.264673
