Traceback (most recent call last):
  File "/Users/clawbot/Desktop/agentic trading/agentic-mac_mini-trader/run_cycle.py", line 1053, in main
    _run_cycle(args, dry_run, agent_filter, cycle_id)
  File "/Users/clawbot/Desktop/agentic trading/agentic-mac_mini-trader/run_cycle.py", line 1167, in _run_cycle
    proposals = phase_2_blind_proposals(dry_run, agent_filter)
                ^^^^^^^^^^^^^^^^^^^^^^^^^^^^^^^^^^^^^^^^^^^^^^
  File "/Users/clawbot/Desktop/agentic trading/agentic-mac_mini-trader/run_cycle.py", line 427, in phase_2_blind_proposals
    out = invoke_agent(agent_id, task, dry_run)
          ^^^^^^^^^^^^^^^^^^^^^^^^^^^^^^^^^^^^^
  File "/Users/clawbot/Desktop/agentic trading/agentic-mac_mini-trader/run_cycle.py", line 249, in invoke_agent
    result = subprocess.run(
             ^^^^^^^^^^^^^^^
  File "/opt/homebrew/Cellar/python@3.12/3.12.13_4/Frameworks/Python.framework/Versions/3.12/lib/python3.12/subprocess.py", line 548, in run
    with Popen(*popenargs, **kwargs) as process:
         ^^^^^^^^^^^^^^^^^^^^^^^^^^^
  File "/opt/homebrew/Cellar/python@3.12/3.12.13_4/Frameworks/Python.framework/Versions/3.12/lib/python3.12/subprocess.py", line 1026, in __init__
    self._execute_child(args, executable, preexec_fn, close_fds,
  File "/opt/homebrew/Cellar/python@3.12/3.12.13_4/Frameworks/Python.framework/Versions/3.12/lib/python3.12/subprocess.py", line 1955, in _execute_child
    raise child_exception_type(errno_num, err_msg, err_filename)
FileNotFoundError: [Errno 2] No such file or directory: 'openclaw'
